#-----------------------------------------------------------
# Vivado v2019.1 (64-bit)
# SW Build 2552052 on Fri May 24 14:49:42 MDT 2019
# IP Build 2548770 on Fri May 24 18:01:18 MDT 2019
# Start of session at: Tue Sep  3 19:02:23 2019
# Process ID: 16472
# Current directory: C:/Users/Ankit Karan/Desktop/lab1/mux
# Command line: vivado.exe -gui_launcher_event rodinguilauncherevent19412 C:\Users\Ankit Karan\Desktop\lab1\mux\mux.xpr
# Log file: C:/Users/Ankit Karan/Desktop/lab1/mux/vivado.log
# Journal file: C:/Users/Ankit Karan/Desktop/lab1/mux\vivado.jou
#-----------------------------------------------------------
start_gui
open_project {C:/Users/Ankit Karan/Desktop/lab1/mux/mux.xpr}
update_compile_order -fileset sources_1
export_ip_user_files -of_objects  [get_files {{C:/Users/Ankit Karan/Desktop/lab1/mux/mux.srcs/sim_1/new/test_mux.v}}] -no_script -reset -force -quiet
remove_files  -fileset sim_1 {{C:/Users/Ankit Karan/Desktop/lab1/mux/mux.srcs/sim_1/new/test_mux.v}}
file delete -force {C:/Users/Ankit Karan/Desktop/lab1/mux/mux.srcs/sim_1/new/test_mux.v}
set_property SOURCE_SET sources_1 [get_filesets sim_1]
close [ open {C:/Users/Ankit Karan/Desktop/lab1/mux/mux.srcs/sim_1/new/test_mux.v} w ]
add_files -fileset sim_1 {{C:/Users/Ankit Karan/Desktop/lab1/mux/mux.srcs/sim_1/new/test_mux.v}}
update_compile_order -fileset sim_1
update_compile_order -fileset sim_1
launch_simulation
source TestModule.tcl
close_sim
launch_simulation
source TestModule.tcl
